node.exe : npm verbose cli 
C:\Program 
Files\nodejs\node.exe 
C:\Program Files\nodejs\node_
modules\npm\bin\npm-cli.js
At C:\Program 
Files\nodejs\npm.ps1:29 
char:3
+   & $NODE_EXE $NPM_CLI_JS 
$args
+   
~~~~~~~~~~~~~~~~~~~~~~~~~~~~~
    + CategoryInfo           
   : NotSpecified: (npm ver  
  bose cli...\bin\npm-cli.   
 js:String) [], RemoteExc    
eption
    + FullyQualifiedErrorId  
   : NativeCommandError
 
npm info using npm@10.9.2
npm info using node@v22.15.0
npm verbose title npm run 
build
npm verbose argv "run" 
"build" "--loglevel" 
"verbose"
npm verbose logfile 
logs-max:10 dir:C:\Users\eric
w\AppData\Local\npm-cache\_lo
gs\2025-07-03T01_52_13_725Z-
npm verbose logfile C:\Users\
ericw\AppData\Local\npm-cache
\_logs\2025-07-03T01_52_13_72
5Z-debug-0.log

> proposal-flow@0.0.0 build
> vite build

[36mvite v5.4.19 [32mbuilding for production...[36m[39m
transforming...
[1m[33m[plugin:vite:resolve
][39m[22m [33m[plugin 
vite:resolve] Module 
"crypto" has been 
externalized for browser 
compatibility, imported by "C
:/project-backup/src/pages/Pr
oposalDetails.tsx". See https
://vite.dev/guide/troubleshoo
ting.html#module-externalized
-for-browser-compatibility 
for more details.[39m
[32mΓ£ô[39m 46 modules transformed.
[31mx[39m Build failed in 
1.13s
[31merror during build:
[31m[vite:build-import-analy
sis] [plugin 
vite:build-import-analysis] s
rc/components/CalendarEventFo
rm.js (47:16): Failed to 
parse source for import 
analysis because the content 
contains invalid JS syntax. 
If you are using JSX, make 
sure to name the file with 
the .jsx or .tsx 
extension.[31m
file: [36mC:/project-backup/
src/components/CalendarEventF
orm.js:47:16[31m
[33m
45:         <label 
className="block text-sm 
font-medium text-gray-700 
mb-1">
46:           Title
47:         </label>
                    ^
48:         <input
49:           type="text"
[31m
    at getRollupError (file:/
//C:/project-backup/node_modu
les/rollup/dist/es/shared/par
seAst.js:401:41)
    at error (file:///C:/proj
ect-backup/node_modules/rollu
p/dist/es/shared/parseAst.js:
397:42)
    at Object.error (file:///
C:/project-backup/node_module
s/rollup/dist/es/shared/node-
entry.js:21966:20)
    at Object.error (file:///
C:/project-backup/node_module
s/rollup/dist/es/shared/node-
entry.js:21028:42)
    at Object.transform (file
:///C:/project-backup/node_mo
dules/vite/dist/node/chunks/d
ep-C6uTJdX2.js:64897:14)[39m
npm verbose cwd 
C:\project-backup
npm verbose os Windows_NT 
10.0.26100
npm verbose node v22.15.0
npm verbose npm  v10.9.2
npm verbose exit 1
npm verbose code 1
